../Core/Src/bno055.c:17:6:bno055_setPage	16	static
../Core/Src/bno055.c:19:17:bno055_getOperationMode	16	static
../Core/Src/bno055.c:25:6:bno055_setOperationMode	16	static
../Core/Src/bno055.c:34:6:bno055_setOperationModeConfig	8	static
../Core/Src/bno055.c:38:6:bno055_setOperationModeNDOF	8	static
../Core/Src/bno055.c:42:6:bno055_setExternalCrystalUse	24	static
../Core/Src/bno055.c:51:6:bno055_enableExternalCrystal	8	static
../Core/Src/bno055.c:52:6:bno055_disableExternalCrystal	8	static
../Core/Src/bno055.c:54:6:bno055_reset	8	static
../Core/Src/bno055.c:59:8:bno055_getTemp	16	static
../Core/Src/bno055.c:66:6:bno055_setup	16	static
../Core/Src/bno055.c:82:9:bno055_getSWRevision	16	static
../Core/Src/bno055.c:89:9:bno055_getBootloaderRevision	16	static
../Core/Src/bno055.c:96:9:bno055_getSystemStatus	16	static
../Core/Src/bno055.c:103:27:bno055_getSelfTestResult	24	static
../Core/Src/bno055.c:116:9:bno055_getSystemError	16	static
../Core/Src/bno055.c:123:28:bno055_getCalibrationState	24	static
../Core/Src/bno055.c:136:27:bno055_getCalibrationData	72	static
../Core/Src/bno055.c:157:6:bno055_setCalibrationData	32	static
../Core/Src/bno055.c:178:17:bno055_getVector	144	static
../Core/Src/bno055.c:217:17:bno055_getVectorAccelerometer	88	static
../Core/Src/bno055.c:220:17:bno055_getVectorMagnetometer	88	static
../Core/Src/bno055.c:223:17:bno055_getVectorGyroscope	88	static
../Core/Src/bno055.c:226:17:bno055_getVectorEuler	88	static
../Core/Src/bno055.c:229:17:bno055_getVectorLinearAccel	88	static
../Core/Src/bno055.c:232:17:bno055_getVectorGravity	88	static
../Core/Src/bno055.c:235:17:bno055_getVectorQuaternion	88	static
../Core/Src/bno055.c:239:6:bno055_setAxisMap	24	static
