22:20:40 **** Incremental Build of configuration Debug for project EncoderTest_CM4 ****
make -j8 all 
arm-none-eabi-gcc "../Core/Src/main.c" -mcpu=cortex-m4 -std=gnu11 -g3 -DDEBUG -DCORE_CM4 -DUSE_HAL_DRIVER -DSTM32H745xx -c -I../Core/Inc -I../../Drivers/STM32H7xx_HAL_Driver/Inc -I../../Drivers/STM32H7xx_HAL_Driver/Inc/Legacy -I../../Drivers/CMSIS/Device/ST/STM32H7xx/Include -I../../Drivers/CMSIS/Include -O0 -ffunction-sections -fdata-sections -Wall -fstack-usage -MMD -MP -MF"Core/Src/main.d" -MT"Core/Src/main.o" --specs=nano.specs -mfpu=fpv4-sp-d16 -mfloat-abi=hard -mthumb -o "Core/Src/main.o"
../Core/Src/main.c: In function 'main':
../Core/Src/main.c:193:8: warning: implicit declaration of function 'printf' [-Wimplicit-function-declaration]
  193 |        printf("%d;%f;%f\r\n",counts,delta_angle,speed*60/360);
      |        ^~~~~~
../Core/Src/main.c:193:8: warning: incompatible implicit declaration of built-in function 'printf'
../Core/Src/main.c:22:1: note: include '<stdio.h>' or provide a declaration of 'printf'
   21 | #include "string.h"
  +++ |+#include <stdio.h>
   22 | 
arm-none-eabi-gcc -o "EncoderTest_CM4.elf" @"objects.list"   -mcpu=cortex-m4 -T"C:\Users\lucab\OneDrive\Desktop\Bosch\Low Level\Low-level-Bosch\GIANSIMONE _WALTER\EncoderTest\CM4\STM32H745ZITX_FLASH.ld" --specs=nosys.specs -Wl,-Map="EncoderTest_CM4.map" -Wl,--gc-sections -static --specs=nano.specs -mfpu=fpv4-sp-d16 -mfloat-abi=hard -mthumb -u _printf_float -Wl,--start-group -lc -lm -Wl,--end-group
Finished building target: EncoderTest_CM4.elf
 
arm-none-eabi-size   EncoderTest_CM4.elf 
arm-none-eabi-objdump -h -S  EncoderTest_CM4.elf  > "EncoderTest_CM4.list"
   text	   data	    bss	    dec	    hex	filename
  34612	    512	   1936	  37060	   90c4	EncoderTest_CM4.elf
Finished building: default.size.stdout
 
Finished building: EncoderTest_CM4.list
 
